2026-10-02T22:24:45.4311807+03:00 OrderCreated 198de471-c0ce-4081-be5d-e873769acacf
2026-10-02T22:24:45.4450759+03:00 OrderStatusChanged 198de471-c0ce-4081-be5d-e873769acacf: Created->Assigned
2026-10-02T22:24:45.4497619+03:00 OrderStatusChanged 198de471-c0ce-4081-be5d-e873769acacf: Assigned->InTransit
2026-10-02T22:24:45.4506029+03:00 OrderStatusChanged 198de471-c0ce-4081-be5d-e873769acacf: InTransit->Delivered
2026-10-02T22:24:45.4521254+03:00 DeliveryCompleted 198de471-c0ce-4081-be5d-e873769acacf: 5908.5958323419363375000
2026-10-02T22:24:45.4528978+03:00 OrderCreated f12ec766-4dba-4e89-bbe8-168eba045099
2026-10-02T22:24:45.4546632+03:00 OrderStatusChanged f12ec766-4dba-4e89-bbe8-168eba045099: Created->Assigned
2026-10-02T22:24:45.4552705+03:00 OrderStatusChanged f12ec766-4dba-4e89-bbe8-168eba045099: Assigned->InTransit
2026-10-02T22:24:45.4555126+03:00 OrderStatusChanged f12ec766-4dba-4e89-bbe8-168eba045099: InTransit->Delivered
2026-10-02T22:24:45.4558561+03:00 DeliveryCompleted f12ec766-4dba-4e89-bbe8-168eba045099: 8012.531028728251760
2026-10-02T22:24:45.4561768+03:00 OrderCreated 3c6fc166-8cf1-4de4-962c-063fdfb1c170
2026-10-02T22:24:45.4564132+03:00 OrderStatusChanged 3c6fc166-8cf1-4de4-962c-063fdfb1c170: Created->Assigned
2026-10-02T22:24:45.4566692+03:00 OrderStatusChanged 3c6fc166-8cf1-4de4-962c-063fdfb1c170: Assigned->InTransit
2026-10-02T22:24:45.4568970+03:00 OrderStatusChanged 3c6fc166-8cf1-4de4-962c-063fdfb1c170: InTransit->Delivered
2026-10-02T22:24:45.4571685+03:00 DeliveryCompleted 3c6fc166-8cf1-4de4-962c-063fdfb1c170: 2012.531028728251760
2026-10-02T22:24:45.4575317+03:00 OrderCreated 866086de-6f98-4e6c-97a5-71c406553d17
2026-10-02T22:24:45.4577854+03:00 OrderStatusChanged 866086de-6f98-4e6c-97a5-71c406553d17: Created->Assigned
2026-10-02T22:24:45.4579892+03:00 OrderStatusChanged 866086de-6f98-4e6c-97a5-71c406553d17: Assigned->InTransit
2026-10-02T22:24:45.4581921+03:00 OrderStatusChanged 866086de-6f98-4e6c-97a5-71c406553d17: InTransit->Delivered
2026-10-02T22:24:45.4584604+03:00 DeliveryCompleted 866086de-6f98-4e6c-97a5-71c406553d17: 3012.531028728251760
2026-10-02T22:24:45.4587320+03:00 OrderCreated 600c0d41-bda2-4427-b3c5-195a2734df85
2026-10-02T22:24:45.4589472+03:00 OrderStatusChanged 600c0d41-bda2-4427-b3c5-195a2734df85: Created->Assigned
2026-10-02T22:24:45.4591395+03:00 OrderStatusChanged 600c0d41-bda2-4427-b3c5-195a2734df85: Assigned->InTransit
2026-10-02T22:24:45.4593768+03:00 OrderStatusChanged 600c0d41-bda2-4427-b3c5-195a2734df85: InTransit->Delivered
2026-10-02T22:24:45.4596764+03:00 DeliveryCompleted 600c0d41-bda2-4427-b3c5-195a2734df85: 25071.792352088942375
2026-10-02T22:24:45.4617040+03:00 VehicleOverloadAttempt TRK-101: 25000kg
2026-10-02T22:33:08.8111461+03:00 OrderCreated 428c43cf-63d3-4909-82ab-f1e98b44df68
2026-10-02T22:33:08.8117901+03:00 OrderStatusChanged 428c43cf-63d3-4909-82ab-f1e98b44df68: Created->Assigned
2026-10-02T22:33:08.8122029+03:00 OrderStatusChanged 428c43cf-63d3-4909-82ab-f1e98b44df68: Assigned->InTransit
2026-10-02T22:33:08.8125195+03:00 OrderStatusChanged 428c43cf-63d3-4909-82ab-f1e98b44df68: InTransit->Delivered
2026-10-02T22:33:08.8128289+03:00 DeliveryCompleted 428c43cf-63d3-4909-82ab-f1e98b44df68: 5012.531028728251760
2026-10-02T22:38:04.6084576+03:00 OrderCreated c71d20c4-e221-446f-b3b8-d0895c8ff587
2026-10-02T22:38:04.6089395+03:00 OrderStatusChanged c71d20c4-e221-446f-b3b8-d0895c8ff587: Created->Assigned
2026-10-02T22:38:04.6092322+03:00 OrderStatusChanged c71d20c4-e221-446f-b3b8-d0895c8ff587: Assigned->InTransit
2026-10-02T22:38:04.6095615+03:00 OrderStatusChanged c71d20c4-e221-446f-b3b8-d0895c8ff587: InTransit->Delivered
2026-10-02T22:38:04.6099012+03:00 DeliveryCompleted c71d20c4-e221-446f-b3b8-d0895c8ff587: 5012.531028728251760
2026-10-02T22:53:37.2051441+03:00 OrderCreated 8f07f8cd-debf-4b64-ae8a-57245fee4c85
2026-10-02T22:53:37.2216008+03:00 OrderStatusChanged 8f07f8cd-debf-4b64-ae8a-57245fee4c85: Created->Assigned
2026-10-02T22:53:37.2257514+03:00 OrderStatusChanged 8f07f8cd-debf-4b64-ae8a-57245fee4c85: Assigned->InTransit
2026-10-02T22:53:37.2264971+03:00 OrderStatusChanged 8f07f8cd-debf-4b64-ae8a-57245fee4c85: InTransit->Delivered
2026-10-02T22:53:37.2278895+03:00 DeliveryCompleted 8f07f8cd-debf-4b64-ae8a-57245fee4c85: 5908.5958323419363375000
2026-10-02T22:53:37.2287425+03:00 OrderCreated 5e189b86-168f-4d4d-8b12-0f3cfe3c928f
2026-10-02T22:53:37.2302302+03:00 OrderStatusChanged 5e189b86-168f-4d4d-8b12-0f3cfe3c928f: Created->Assigned
2026-10-02T22:53:37.2305005+03:00 OrderStatusChanged 5e189b86-168f-4d4d-8b12-0f3cfe3c928f: Assigned->InTransit
2026-10-02T22:53:37.2307072+03:00 OrderStatusChanged 5e189b86-168f-4d4d-8b12-0f3cfe3c928f: InTransit->Delivered
2026-10-02T22:53:37.2309992+03:00 DeliveryCompleted 5e189b86-168f-4d4d-8b12-0f3cfe3c928f: 8012.531028728251760
2026-10-02T22:53:37.2313752+03:00 OrderCreated c13c5221-de7c-491b-ad63-167028c35b6f
2026-10-02T22:53:37.2316302+03:00 OrderStatusChanged c13c5221-de7c-491b-ad63-167028c35b6f: Created->Assigned
2026-10-02T22:53:37.2318454+03:00 OrderStatusChanged c13c5221-de7c-491b-ad63-167028c35b6f: Assigned->InTransit
2026-10-02T22:53:37.2320331+03:00 OrderStatusChanged c13c5221-de7c-491b-ad63-167028c35b6f: InTransit->Delivered
2026-10-02T22:53:37.2322770+03:00 DeliveryCompleted c13c5221-de7c-491b-ad63-167028c35b6f: 2012.531028728251760
2026-10-02T22:53:37.2325542+03:00 OrderCreated cecb0f99-8fb2-4e14-b7bc-1d39de434c00
2026-10-02T22:53:37.2328215+03:00 OrderStatusChanged cecb0f99-8fb2-4e14-b7bc-1d39de434c00: Created->Assigned
2026-10-02T22:53:37.2330395+03:00 OrderStatusChanged cecb0f99-8fb2-4e14-b7bc-1d39de434c00: Assigned->InTransit
2026-10-02T22:53:37.2332729+03:00 OrderStatusChanged cecb0f99-8fb2-4e14-b7bc-1d39de434c00: InTransit->Delivered
2026-10-02T22:53:37.2335633+03:00 DeliveryCompleted cecb0f99-8fb2-4e14-b7bc-1d39de434c00: 3012.531028728251760
2026-10-02T22:53:37.2338142+03:00 OrderCreated 800b6229-b8b5-4d7e-8c7e-baf8abe0bba9
2026-10-02T22:53:37.2340540+03:00 OrderStatusChanged 800b6229-b8b5-4d7e-8c7e-baf8abe0bba9: Created->Assigned
2026-10-02T22:53:37.2342425+03:00 OrderStatusChanged 800b6229-b8b5-4d7e-8c7e-baf8abe0bba9: Assigned->InTransit
2026-10-02T22:53:37.2344558+03:00 OrderStatusChanged 800b6229-b8b5-4d7e-8c7e-baf8abe0bba9: InTransit->Delivered
2026-10-02T22:53:37.2346866+03:00 DeliveryCompleted 800b6229-b8b5-4d7e-8c7e-baf8abe0bba9: 25071.792352088942375
2026-10-02T22:53:37.2364015+03:00 VehicleOverloadAttempt TRK-101: 25000kg
2026-10-02T22:58:06.7188152+03:00 OrderCreated a5295d67-004a-4914-adf4-f7b36a4ea9a3
2026-10-02T22:58:06.7336062+03:00 OrderStatusChanged a5295d67-004a-4914-adf4-f7b36a4ea9a3: Created->Assigned
2026-10-02T22:58:06.7376098+03:00 OrderStatusChanged a5295d67-004a-4914-adf4-f7b36a4ea9a3: Assigned->InTransit
2026-10-02T22:58:06.7382795+03:00 OrderStatusChanged a5295d67-004a-4914-adf4-f7b36a4ea9a3: InTransit->Delivered
2026-10-02T22:58:06.7396705+03:00 DeliveryCompleted a5295d67-004a-4914-adf4-f7b36a4ea9a3: 5908.5958323419363375000
2026-10-02T22:58:06.7404905+03:00 OrderCreated 5dbcedf7-cff7-40fa-aaea-3ef837ec4d23
2026-10-02T22:58:06.7418500+03:00 OrderStatusChanged 5dbcedf7-cff7-40fa-aaea-3ef837ec4d23: Created->Assigned
2026-10-02T22:58:06.7421341+03:00 OrderStatusChanged 5dbcedf7-cff7-40fa-aaea-3ef837ec4d23: Assigned->InTransit
2026-10-02T22:58:06.7423280+03:00 OrderStatusChanged 5dbcedf7-cff7-40fa-aaea-3ef837ec4d23: InTransit->Delivered
2026-10-02T22:58:06.7425763+03:00 DeliveryCompleted 5dbcedf7-cff7-40fa-aaea-3ef837ec4d23: 8012.531028728251760
2026-10-02T22:58:06.7430714+03:00 OrderCreated 2d982c57-8ba2-426b-83b9-43ad00b8bd44
2026-10-02T22:58:06.7433116+03:00 OrderStatusChanged 2d982c57-8ba2-426b-83b9-43ad00b8bd44: Created->Assigned
2026-10-02T22:58:06.7435014+03:00 OrderStatusChanged 2d982c57-8ba2-426b-83b9-43ad00b8bd44: Assigned->InTransit
2026-10-02T22:58:06.7436931+03:00 OrderStatusChanged 2d982c57-8ba2-426b-83b9-43ad00b8bd44: InTransit->Delivered
2026-10-02T22:58:06.7440144+03:00 DeliveryCompleted 2d982c57-8ba2-426b-83b9-43ad00b8bd44: 2012.531028728251760
2026-10-02T22:58:06.7443463+03:00 OrderCreated a7a141e9-ad14-4ed2-ad90-ac0c1729296c
2026-10-02T22:58:06.7447189+03:00 OrderStatusChanged a7a141e9-ad14-4ed2-ad90-ac0c1729296c: Created->Assigned
2026-10-02T22:58:06.7449205+03:00 OrderStatusChanged a7a141e9-ad14-4ed2-ad90-ac0c1729296c: Assigned->InTransit
2026-10-02T22:58:06.7451322+03:00 OrderStatusChanged a7a141e9-ad14-4ed2-ad90-ac0c1729296c: InTransit->Delivered
2026-10-02T22:58:06.7453905+03:00 DeliveryCompleted a7a141e9-ad14-4ed2-ad90-ac0c1729296c: 3012.531028728251760
2026-10-02T22:58:06.7456884+03:00 OrderCreated aeb6b1f1-a8ec-4d9d-920c-e070b88c8fe2
2026-10-02T22:58:06.7459161+03:00 OrderStatusChanged aeb6b1f1-a8ec-4d9d-920c-e070b88c8fe2: Created->Assigned
2026-10-02T22:58:06.7461198+03:00 OrderStatusChanged aeb6b1f1-a8ec-4d9d-920c-e070b88c8fe2: Assigned->InTransit
2026-10-02T22:58:06.7463275+03:00 OrderStatusChanged aeb6b1f1-a8ec-4d9d-920c-e070b88c8fe2: InTransit->Delivered
2026-10-02T22:58:06.7466515+03:00 DeliveryCompleted aeb6b1f1-a8ec-4d9d-920c-e070b88c8fe2: 25071.792352088942375
2026-10-02T22:58:06.7486062+03:00 VehicleOverloadAttempt TRK-101: 25000kg
2026-10-02T22:59:29.0534609+03:00 OrderCreated 8b74769d-8df7-4ff0-ad83-0c315235489c
2026-10-02T22:59:29.0538917+03:00 OrderStatusChanged 8b74769d-8df7-4ff0-ad83-0c315235489c: Created->Assigned
2026-10-02T22:59:29.0542560+03:00 OrderStatusChanged 8b74769d-8df7-4ff0-ad83-0c315235489c: Assigned->InTransit
2026-10-02T22:59:29.0545234+03:00 OrderStatusChanged 8b74769d-8df7-4ff0-ad83-0c315235489c: InTransit->Delivered
2026-10-02T22:59:29.0547894+03:00 DeliveryCompleted 8b74769d-8df7-4ff0-ad83-0c315235489c: 5012.531028728251760
2026-10-03T02:20:39.4374721+03:00 OrderCreated 20a54e60-9e6e-4485-9d8d-d39ae4b47c3b
2026-10-03T02:20:39.4516652+03:00 OrderStatusChanged 20a54e60-9e6e-4485-9d8d-d39ae4b47c3b: Created->Assigned
2026-10-03T02:20:39.4571940+03:00 OrderStatusChanged 20a54e60-9e6e-4485-9d8d-d39ae4b47c3b: Assigned->InTransit
2026-10-03T02:20:39.4580010+03:00 OrderStatusChanged 20a54e60-9e6e-4485-9d8d-d39ae4b47c3b: InTransit->Delivered
2026-10-03T02:20:39.4595972+03:00 DeliveryCompleted 20a54e60-9e6e-4485-9d8d-d39ae4b47c3b: 5908.5958323419363375000
2026-10-03T02:20:39.4604752+03:00 OrderCreated e9a98a5e-cd54-4007-9056-271f9b8a0794
2026-10-03T02:20:39.4618803+03:00 OrderStatusChanged e9a98a5e-cd54-4007-9056-271f9b8a0794: Created->Assigned
2026-10-03T02:20:39.4621859+03:00 OrderStatusChanged e9a98a5e-cd54-4007-9056-271f9b8a0794: Assigned->InTransit
2026-10-03T02:20:39.4624052+03:00 OrderStatusChanged e9a98a5e-cd54-4007-9056-271f9b8a0794: InTransit->Delivered
2026-10-03T02:20:39.4627015+03:00 DeliveryCompleted e9a98a5e-cd54-4007-9056-271f9b8a0794: 8012.531028728251760
2026-10-03T02:20:39.4634749+03:00 OrderCreated 03933037-b0ea-456e-8f41-c715f95997a8
2026-10-03T02:20:39.4638384+03:00 OrderStatusChanged 03933037-b0ea-456e-8f41-c715f95997a8: Created->Assigned
2026-10-03T02:20:39.4640798+03:00 OrderStatusChanged 03933037-b0ea-456e-8f41-c715f95997a8: Assigned->InTransit
2026-10-03T02:20:39.4643019+03:00 OrderStatusChanged 03933037-b0ea-456e-8f41-c715f95997a8: InTransit->Delivered
2026-10-03T02:20:39.4646229+03:00 DeliveryCompleted 03933037-b0ea-456e-8f41-c715f95997a8: 2012.531028728251760
2026-10-03T02:20:39.4649188+03:00 OrderCreated 9f1b0ea8-0bf5-4d08-9c3e-19c6ce38ec1f
2026-10-03T02:20:39.4651767+03:00 OrderStatusChanged 9f1b0ea8-0bf5-4d08-9c3e-19c6ce38ec1f: Created->Assigned
2026-10-03T02:20:39.4653743+03:00 OrderStatusChanged 9f1b0ea8-0bf5-4d08-9c3e-19c6ce38ec1f: Assigned->InTransit
2026-10-03T02:20:39.4655809+03:00 OrderStatusChanged 9f1b0ea8-0bf5-4d08-9c3e-19c6ce38ec1f: InTransit->Delivered
2026-10-03T02:20:39.4658669+03:00 DeliveryCompleted 9f1b0ea8-0bf5-4d08-9c3e-19c6ce38ec1f: 3012.531028728251760
2026-10-03T02:20:39.4662985+03:00 OrderCreated 0ff9d0a2-c74b-4905-a544-1a8de8e4e646
2026-10-03T02:20:39.4665954+03:00 OrderStatusChanged 0ff9d0a2-c74b-4905-a544-1a8de8e4e646: Created->Assigned
2026-10-03T02:20:39.4668756+03:00 OrderStatusChanged 0ff9d0a2-c74b-4905-a544-1a8de8e4e646: Assigned->InTransit
2026-10-03T02:20:39.4671450+03:00 OrderStatusChanged 0ff9d0a2-c74b-4905-a544-1a8de8e4e646: InTransit->Delivered
2026-10-03T02:20:39.4674839+03:00 DeliveryCompleted 0ff9d0a2-c74b-4905-a544-1a8de8e4e646: 25071.792352088942375
2026-10-03T02:20:39.4693889+03:00 VehicleOverloadAttempt TRK-101: 25000kg
2026-10-03T02:24:13.4176003+03:00 OrderCreated 867c9cd4-6177-4787-aab0-c643f59528ab
2026-10-03T02:24:13.4322920+03:00 OrderStatusChanged 867c9cd4-6177-4787-aab0-c643f59528ab: Created->Assigned
2026-10-03T02:24:13.4366235+03:00 OrderStatusChanged 867c9cd4-6177-4787-aab0-c643f59528ab: Assigned->InTransit
2026-10-03T02:24:13.4373229+03:00 OrderStatusChanged 867c9cd4-6177-4787-aab0-c643f59528ab: InTransit->Delivered
2026-10-03T02:24:13.4392723+03:00 DeliveryCompleted 867c9cd4-6177-4787-aab0-c643f59528ab: 5908.5958323419363375000
2026-10-03T02:24:13.4402411+03:00 OrderCreated 57055f8a-951f-45cb-b92a-1898a18b890b
2026-10-03T02:24:13.4415641+03:00 OrderStatusChanged 57055f8a-951f-45cb-b92a-1898a18b890b: Created->Assigned
2026-10-03T02:24:13.4418044+03:00 OrderStatusChanged 57055f8a-951f-45cb-b92a-1898a18b890b: Assigned->InTransit
2026-10-03T02:24:13.4420314+03:00 OrderStatusChanged 57055f8a-951f-45cb-b92a-1898a18b890b: InTransit->Delivered
2026-10-03T02:24:13.4423461+03:00 DeliveryCompleted 57055f8a-951f-45cb-b92a-1898a18b890b: 8012.531028728251760
2026-10-03T02:24:13.4426542+03:00 OrderCreated 2b871058-d2f0-4207-be62-799ce7536bc3
2026-10-03T02:24:13.4429043+03:00 OrderStatusChanged 2b871058-d2f0-4207-be62-799ce7536bc3: Created->Assigned
2026-10-03T02:24:13.4431016+03:00 OrderStatusChanged 2b871058-d2f0-4207-be62-799ce7536bc3: Assigned->InTransit
2026-10-03T02:24:13.4432984+03:00 OrderStatusChanged 2b871058-d2f0-4207-be62-799ce7536bc3: InTransit->Delivered
2026-10-03T02:24:13.4435499+03:00 DeliveryCompleted 2b871058-d2f0-4207-be62-799ce7536bc3: 2012.531028728251760
2026-10-03T02:24:13.4438474+03:00 OrderCreated 7ad9773e-6f8b-43c2-98cf-c6fccac27c2c
2026-10-03T02:24:13.4440647+03:00 OrderStatusChanged 7ad9773e-6f8b-43c2-98cf-c6fccac27c2c: Created->Assigned
2026-10-03T02:24:13.4442531+03:00 OrderStatusChanged 7ad9773e-6f8b-43c2-98cf-c6fccac27c2c: Assigned->InTransit
2026-10-03T02:24:13.4444398+03:00 OrderStatusChanged 7ad9773e-6f8b-43c2-98cf-c6fccac27c2c: InTransit->Delivered
2026-10-03T02:24:13.4447324+03:00 DeliveryCompleted 7ad9773e-6f8b-43c2-98cf-c6fccac27c2c: 3012.531028728251760
2026-10-03T02:24:13.4450213+03:00 OrderCreated c68e3fdf-d48e-4d65-a165-a98faa333230
2026-10-03T02:24:13.4452398+03:00 OrderStatusChanged c68e3fdf-d48e-4d65-a165-a98faa333230: Created->Assigned
2026-10-03T02:24:13.4454332+03:00 OrderStatusChanged c68e3fdf-d48e-4d65-a165-a98faa333230: Assigned->InTransit
2026-10-03T02:24:13.4456430+03:00 OrderStatusChanged c68e3fdf-d48e-4d65-a165-a98faa333230: InTransit->Delivered
2026-10-03T02:24:13.4459492+03:00 DeliveryCompleted c68e3fdf-d48e-4d65-a165-a98faa333230: 25071.792352088942375
2026-10-03T02:24:13.4476920+03:00 VehicleOverloadAttempt TRK-101: 25000kg
2026-10-03T02:24:33.7741295+03:00 OrderCreated cbd298c1-3e16-489f-bfbc-d5d243e7bb13
2026-10-03T02:24:33.7746221+03:00 OrderStatusChanged cbd298c1-3e16-489f-bfbc-d5d243e7bb13: Created->Assigned
2026-10-03T02:24:33.7750356+03:00 OrderStatusChanged cbd298c1-3e16-489f-bfbc-d5d243e7bb13: Assigned->InTransit
2026-10-03T02:24:33.7753531+03:00 OrderStatusChanged cbd298c1-3e16-489f-bfbc-d5d243e7bb13: InTransit->Delivered
2026-10-03T02:24:33.7756588+03:00 DeliveryCompleted cbd298c1-3e16-489f-bfbc-d5d243e7bb13: 5012.531028728251760
2026-10-03T02:25:26.5240226+03:00 OrderCreated 2a3ad1c1-252e-4c72-b344-f29d1e3da771
2026-10-03T02:25:26.5245889+03:00 OrderStatusChanged 2a3ad1c1-252e-4c72-b344-f29d1e3da771: Created->Assigned
2026-10-03T02:25:26.5248961+03:00 OrderStatusChanged 2a3ad1c1-252e-4c72-b344-f29d1e3da771: Assigned->InTransit
2026-10-03T02:25:26.5251635+03:00 OrderStatusChanged 2a3ad1c1-252e-4c72-b344-f29d1e3da771: InTransit->Delivered
2026-10-03T02:25:26.5254453+03:00 DeliveryCompleted 2a3ad1c1-252e-4c72-b344-f29d1e3da771: 5012.531028728251760
2026-10-03T02:25:37.7433446+03:00 OrderCreated 8f5c416d-fe0a-4485-8e08-ae3b6ef37472
2026-10-03T02:25:37.7439099+03:00 OrderStatusChanged 8f5c416d-fe0a-4485-8e08-ae3b6ef37472: Created->Assigned
2026-10-03T02:25:37.7442282+03:00 OrderStatusChanged 8f5c416d-fe0a-4485-8e08-ae3b6ef37472: Assigned->InTransit
2026-10-03T02:25:37.7445209+03:00 OrderStatusChanged 8f5c416d-fe0a-4485-8e08-ae3b6ef37472: InTransit->Delivered
2026-10-03T02:25:37.7447892+03:00 DeliveryCompleted 8f5c416d-fe0a-4485-8e08-ae3b6ef37472: 5012.531028728251760
